Building DAG of jobs...
Using shell: /usr/bin/bash
Provided cores: 6
Rules claiming more threads will be scaled down.
Job stats:
job       count
------  -------
all           1
export        1
total         2

Select jobs to execute...

[Sat Jan 17 03:49:26 2026]
Job 1: Exporting data files for for auspice
Reason: Missing output files: treesort.json


		augur export v3 			--tree treesort.nwk 			--metadata meta.csv 			--node-data cladeset/node.json traits_treesort/traits.json cladeset/div_tree/nt_muts/nt-muts.json cladeset/div_tree/aa_muts/aa-muts.json			--auspice-config config/auspice_config_h3nx.json 			--include-root-sequence 			--colors config/colors_h3nx.tsv 			--lat-longs config/lat_longs_h3nx.tsv 			--output treesort.json
		
[Sat Jan 17 03:49:27 2026]
Error in rule export:
    jobid: 1
    input: treesort.nwk, meta.csv, cladeset/node.json, traits_treesort/traits.json, cladeset/div_tree/nt_muts/nt-muts.json, cladeset/div_tree/aa_muts/aa-muts.json, config/auspice_config_h3nx.json, config/colors_h3nx.tsv, config/lat_longs_h3nx.tsv
    output: treesort.json
    shell:
        
		augur export v3 			--tree treesort.nwk 			--metadata meta.csv 			--node-data cladeset/node.json traits_treesort/traits.json cladeset/div_tree/nt_muts/nt-muts.json cladeset/div_tree/aa_muts/aa-muts.json			--auspice-config config/auspice_config_h3nx.json 			--include-root-sequence 			--colors config/colors_h3nx.tsv 			--lat-longs config/lat_longs_h3nx.tsv 			--output treesort.json
		
        (one of the commands exited with non-zero exit code; note that snakemake uses bash strict mode!)

Shutting down, this might take some time.
Exiting because a job execution failed. Look above for error message
Complete log: .snakemake/log/2026-01-17T034926.629133.snakemake.log
