Assuming unrestricted shared filesystem usage.
None
host: Mac
Building DAG of jobs...
Using shell: /bin/bash
Provided cores: 2
Rules claiming more threads will be scaled down.
Job stats:
job       count
------  -------
all           1
export        1
total         2

Select jobs to execute...
Execute 1 jobs...
[Fri Jan 16 23:05:01 2026]
Job 1: Exporting data files for for auspice
Reason: Missing output files: treesort.json
[Fri Jan 16 23:05:03 2026]
Finished jobid: 1 (Rule: export)
1 of 2 steps (50%) done
Select jobs to execute...
Execute 1 jobs...
[Fri Jan 16 23:05:03 2026]
localrule all:
    input: treesort.json
    jobid: 0
    reason: Input files updated by another job: treesort.json
    resources: tmpdir=/var/folders/b4/087mzk6d6sj828w5t9xtml640000gr/T
[Fri Jan 16 23:05:03 2026]
Finished jobid: 0 (Rule: all)
2 of 2 steps (100%) done
Complete log(s): /Users/monclalab1/Documents/h3nx/h3nx_build/adding_species/north_american_flyways/.snakemake/log/2026-01-16T230501.003580.snakemake.log
